
> expo@0.1.0 build
> next build

Γû▓ Next.js 16.1.6 (Turbopack)
- Environments: .env.local

  Creating an optimized production build ...
Γ£ô Compiled successfully in 21.3s
  Running TypeScript ...
node.exe : Failed to 
compile.
At C:\Program Files\nod
ejs\npm.ps1:29 char:3
+   & $NODE_EXE 
$NPM_CLI_JS $args
+   ~~~~~~~~~~~~~~~~~~~
~~~~~~~~~~
    + CategoryInfo     
         : NotSpecifi  
  ed: (Failed to com   
 pile.:String) [],     
RemoteException
    + FullyQualifiedEr 
   rorId : NativeComm  
  andError
 

.next/dev/types/validat
or.ts:225:31
Type error: Type 
'typeof import("C:/User
s/shiva/OneDrive/Deskto
p/expo/src/app/api/note
s/[id]/route")' does 
not satisfy the 
constraint 'RouteHandle
rConfig<"/api/notes/[id
]">'.
  Types of property 
'PUT' are incompatible.
    Type '(req: 
Request, { params }: { 
params: { id: string; 
}; }) => 
Promise<NextResponse<{ 
message: string; }> | 
NextResponse<{ note: 
any; }>>' is not 
assignable to type 
'(request: 
NextRequest, context: 
{ params: Promise<{ 
id: string; }>; }) => 
void | Response | 
Promise<void | 
Response>'.
      Types of 
parameters '__1' and 
'context' are 
incompatible.
        Type '{ 
params: Promise<{ id: 
string; }>; }' is not 
assignable to type '{ 
params: { id: string; 
}; }'.
          Types of 
property 'params' are 
incompatible.
            Property 
'id' is missing in 
type 'Promise<{ id: 
string; }>' but 
required in type '{ 
id: string; }'.

[0m [90m 223 |[39m  
 type __IsExpected[33m
<[39m[33mSpecific[39
m [36mextends[39m [3
3mRouteHandlerConfig[3
9m[33m<[39m[32m"/api
/notes/[id]"[39m[33m>
>[39m [33m=[39m 
[33mSpecific[39m
 [90m 224 |[39m   
[36mconst[39m 
handler [33m=[39m {} 
[36mas[39m 
[36mtypeof[39m [36mi
mport[39m([32m"../../
../src/app/api/notes/[i
d]/route.js"[39m)
[31m[1m>[22m[39m[9
0m 225 |[39m   type 
__Check [33m=[39m __I
sExpected[33m<[39m[3
6mtypeof[39m 
handler[33m>[39m
 [90m     |[39m      
                       
  [31m[1m^[22m[39m
 [90m 226 |[39m   
[90m// @ts-ignore[39m
 [90m 227 |[39m   
type __Unused 
[33m=[39m __Check
 [90m 228 |[39m }[0m
Next.js build worker 
exited with code: 1 
and signal: null
